// Jest Snapshot v1, https://jestjs.io/docs/snapshot-testing

exports[`this component renders correctly 1`] = `
<DocumentFragment>
  <div
    class="empty-state"
  >
    <div
      class="empty-icon"
    >
      📹
    </div>
    <h3>
      No hay videos disponibles
    </h3>
    <p>
      Revisa más tarde para ver contenido nuevo.
    </p>
  </div>
</DocumentFragment>
`;
